Traceback (most recent call last):
  File "/Users/kyh/Workspace/icml-2026-materials-browser/scripts/todo_dashboard.py", line 707, in <module>
  File "/Users/kyh/Workspace/icml-2026-materials-browser/scripts/todo_dashboard.py", line 695, in main
    parser.error("--port must be between 1 and 65535")
    ^^^^^^^^^^^^^^^^^^^^^^^^^^^^^^^^^
  File "/Users/kyh/Workspace/icml-2026-materials-browser/scripts/todo_dashboard.py", line 627, in serve
  File "/opt/homebrew/Cellar/python@3.14/3.14.6/Frameworks/Python.framework/Versions/3.14/lib/python3.14/socketserver.py", line 235, in serve_forever
    ready = selector.select(poll_interval)
  File "/opt/homebrew/Cellar/python@3.14/3.14.6/Frameworks/Python.framework/Versions/3.14/lib/python3.14/selectors.py", line 398, in select
    fd_event_list = self._selector.poll(timeout)
KeyboardInterrupt
Traceback (most recent call last):
  File "/Users/kyh/Workspace/icml-2026-materials-browser/scripts/todo_dashboard.py", line 710, in <module>
    if __name__ == "__main__":
                         ^^^^^
  File "/Users/kyh/Workspace/icml-2026-materials-browser/scripts/todo_dashboard.py", line 698, in main
    if args.serve:
        ^^^^^^^^^^
  File "/Users/kyh/Workspace/icml-2026-materials-browser/scripts/todo_dashboard.py", line 630, in serve
    try:
    
  File "/opt/homebrew/Cellar/python@3.14/3.14.6/Frameworks/Python.framework/Versions/3.14/lib/python3.14/socketserver.py", line 235, in serve_forever
    ready = selector.select(poll_interval)
  File "/opt/homebrew/Cellar/python@3.14/3.14.6/Frameworks/Python.framework/Versions/3.14/lib/python3.14/selectors.py", line 398, in select
    fd_event_list = self._selector.poll(timeout)
KeyboardInterrupt
